// Jest Snapshot v1, https://goo.gl/fbAQLP

exports[`Nav should match the snapshot 1`] = `
ShallowWrapper {
  "length": 1,
  Symbol(enzyme.__root__): [Circular],
  Symbol(enzyme.__unrendered__): <Nav
    setInfo={[Function]}
/>,
  Symbol(enzyme.__renderer__): Object {
    "batchedUpdates": [Function],
    "getNode": [Function],
    "render": [Function],
    "simulateEvent": [Function],
    "unmount": [Function],
  },
  Symbol(enzyme.__node__): Object {
    "instance": null,
    "key": undefined,
    "nodeType": "host",
    "props": Object {
      "children": Array [
        <NavLink
          activeClassName="active"
          ariaCurrent="true"
          className="nav-link"
          to="/"
>
          Home
</NavLink>,
        <NavLink
          activeClassName="active"
          ariaCurrent="true"
          className="nav-link"
          onClick={[Function]}
          to="/people"
>
          People
</NavLink>,
        <NavLink
          activeClassName="active"
          ariaCurrent="true"
          className="nav-link"
          onClick={[Function]}
          to="/planets"
>
          Planets
</NavLink>,
        <NavLink
          activeClassName="active"
          ariaCurrent="true"
          className="nav-link"
          onClick={[Function]}
          to="/vehicles"
>
          Vehicles
</NavLink>,
      ],
      "className": "nav-div",
    },
    "ref": null,
    "rendered": Array [
      Object {
        "instance": null,
        "key": undefined,
        "nodeType": "function",
        "props": Object {
          "activeClassName": "active",
          "ariaCurrent": "true",
          "children": "Home",
          "className": "nav-link",
          "to": "/",
        },
        "ref": null,
        "rendered": "Home",
        "type": [Function],
      },
      Object {
        "instance": null,
        "key": undefined,
        "nodeType": "function",
        "props": Object {
          "activeClassName": "active",
          "ariaCurrent": "true",
          "children": "People",
          "className": "nav-link",
          "onClick": [Function],
          "to": "/people",
        },
        "ref": null,
        "rendered": "People",
        "type": [Function],
      },
      Object {
        "instance": null,
        "key": undefined,
        "nodeType": "function",
        "props": Object {
          "activeClassName": "active",
          "ariaCurrent": "true",
          "children": "Planets",
          "className": "nav-link",
          "onClick": [Function],
          "to": "/planets",
        },
        "ref": null,
        "rendered": "Planets",
        "type": [Function],
      },
      Object {
        "instance": null,
        "key": undefined,
        "nodeType": "function",
        "props": Object {
          "activeClassName": "active",
          "ariaCurrent": "true",
          "children": "Vehicles",
          "className": "nav-link",
          "onClick": [Function],
          "to": "/vehicles",
        },
        "ref": null,
        "rendered": "Vehicles",
        "type": [Function],
      },
    ],
    "type": "div",
  },
  Symbol(enzyme.__nodes__): Array [
    Object {
      "instance": null,
      "key": undefined,
      "nodeType": "host",
      "props": Object {
        "children": Array [
          <NavLink
            activeClassName="active"
            ariaCurrent="true"
            className="nav-link"
            to="/"
>
            Home
</NavLink>,
          <NavLink
            activeClassName="active"
            ariaCurrent="true"
            className="nav-link"
            onClick={[Function]}
            to="/people"
>
            People
</NavLink>,
          <NavLink
            activeClassName="active"
            ariaCurrent="true"
            className="nav-link"
            onClick={[Function]}
            to="/planets"
>
            Planets
</NavLink>,
          <NavLink
            activeClassName="active"
            ariaCurrent="true"
            className="nav-link"
            onClick={[Function]}
            to="/vehicles"
>
            Vehicles
</NavLink>,
        ],
        "className": "nav-div",
      },
      "ref": null,
      "rendered": Array [
        Object {
          "instance": null,
          "key": undefined,
          "nodeType": "function",
          "props": Object {
            "activeClassName": "active",
            "ariaCurrent": "true",
            "children": "Home",
            "className": "nav-link",
            "to": "/",
          },
          "ref": null,
          "rendered": "Home",
          "type": [Function],
        },
        Object {
          "instance": null,
          "key": undefined,
          "nodeType": "function",
          "props": Object {
            "activeClassName": "active",
            "ariaCurrent": "true",
            "children": "People",
            "className": "nav-link",
            "onClick": [Function],
            "to": "/people",
          },
          "ref": null,
          "rendered": "People",
          "type": [Function],
        },
        Object {
          "instance": null,
          "key": undefined,
          "nodeType": "function",
          "props": Object {
            "activeClassName": "active",
            "ariaCurrent": "true",
            "children": "Planets",
            "className": "nav-link",
            "onClick": [Function],
            "to": "/planets",
          },
          "ref": null,
          "rendered": "Planets",
          "type": [Function],
        },
        Object {
          "instance": null,
          "key": undefined,
          "nodeType": "function",
          "props": Object {
            "activeClassName": "active",
            "ariaCurrent": "true",
            "children": "Vehicles",
            "className": "nav-link",
            "onClick": [Function],
            "to": "/vehicles",
          },
          "ref": null,
          "rendered": "Vehicles",
          "type": [Function],
        },
      ],
      "type": "div",
    },
  ],
  Symbol(enzyme.__options__): Object {
    "adapter": ReactSixteenAdapter {
      "options": Object {
        "enableComponentDidUpdateOnSetState": true,
      },
    },
  },
}
`;
